Please create details student guide MD format  for the bellow example lesson:

this lesson is about Prometheuse


helm repo add prometheus-community https://prometheus-community.github.io/helm-charts


helm repo update


helm install kube-prometheus-stack   --create-namespace   --namespace kube-prometheus-stack   prometheus-community/kube-prometheus-stack


ravivm@ravivm-N501VW:~/projects/devops/2025-10-19-Prometheus$ kubectl get po -n kube-prometheus-stack
NAME                                                        READY   STATUS    RESTARTS   AGE
alertmanager-kube-prometheus-stack-alertmanager-0           2/2     Running   0          2m5s
kube-prometheus-stack-grafana-59b856967d-z95tx              3/3     Running   0          2m23s
kube-prometheus-stack-kube-state-metrics-557fd457c6-5kb2f   1/1     Running   0          2m23s
kube-prometheus-stack-operator-698674bb67-v87x4             1/1     Running   0          2m23s
kube-prometheus-stack-prometheus-node-exporter-dcrfj        1/1     Running   0          2m23s
prometheus-kube-prometheus-stack-prometheus-0               2/2     Running   0          2m5s



ravivm@ravivm-N501VW:~/projects/devops/2025-10-19-Prometheus$ kubectl get svc -n kube-prometheus-stack
NAME                                             TYPE        CLUSTER-IP       EXTERNAL-IP   PORT(S)                      AGE
alertmanager-operated                            ClusterIP   None             <none>        9093/TCP,9094/TCP,9094/UDP   3m44s
kube-prometheus-stack-alertmanager               ClusterIP   10.103.132.244   <none>        9093/TCP,8080/TCP            4m3s
kube-prometheus-stack-grafana                    ClusterIP   10.101.135.100   <none>        80/TCP                       4m3s
kube-prometheus-stack-kube-state-metrics         ClusterIP   10.96.27.232     <none>        8080/TCP                     4m3s
kube-prometheus-stack-operator                   ClusterIP   10.101.192.124   <none>        443/TCP                      4m3s
kube-prometheus-stack-prometheus                 ClusterIP   10.102.61.144    <none>        9090/TCP,8080/TCP            4m3s
kube-prometheus-stack-prometheus-node-exporter   ClusterIP   10.106.141.238   <none>        9100/TCP                     4m3s
prometheus-operated                              ClusterIP   None             <none>        9090/TCP                     3m44s
ravivm@ravivm-N501VW:~/projects/devops/2025-10-19-Prometheus$ kubectl port-forward -n kube-prometheus-stack kube-prometheus-stack-prometheus 9090:9090
Error from server (NotFound): pods "kube-prometheus-stack-prometheus" not found
ravivm@ravivm-N501VW:~/projects/devops/2025-10-19-Prometheus$ kubectl port-forward -n kube-prometheus-stack svc/kube-prometheus-stack-prometheus 9090:9090
Forwarding from 127.0.0.1:9090 -> 9090
Forwarding from [::1]:9090 -> 9090

open browser :
http://localhost:9090/

some queries :

node_cpu_seconds_total

sum(kube_pod_status_phase{phase="Unknown"}) by (namespace, pod) or (count(kube_pod_deletion_timestamp) by (namespace, pod) * sum(kube_pod_status_reason{reason="NodeLost"}) by(namespace, pod))

kube_service_created

kube_deployment_status_replicas_available

============================

https://github.com/kubernetes/kube-state-metrics/tree/main/docs





https://github.com/kubernetes/kube-state-metrics/blob/main/docs/metrics/service/service-metrics.md

https://github.com/kubernetes/kube-state-metrics/blob/main/docs/metrics/workload/deployment-metrics.md


============================


configuration yaml UI :

http://localhost:9090/config


configuration yaml in cluster :

ravivm@ravivm-N501VW:~/projects/devops/2025-10-19-Prometheus$ kubectl get po -n kube-prometheus-stack
NAME                                                        READY   STATUS    RESTARTS   AGE
alertmanager-kube-prometheus-stack-alertmanager-0           2/2     Running   0          28m
kube-prometheus-stack-grafana-59b856967d-z95tx              3/3     Running   0          28m
kube-prometheus-stack-kube-state-metrics-557fd457c6-5kb2f   1/1     Running   0          28m
kube-prometheus-stack-operator-698674bb67-v87x4             1/1     Running   0          28m
ravivm@ravivm-N501VW:~/projects/devops/2025-10-19-Prometheus$ kubectl exec -it prometheus-kube-prometheus-stack-prometheus-0 -n kube-prometheus-stack -- /bin/sh


/etc/prometheus/config_out $ less prometheus.env.yaml 


====================================
grafana UI


ravivm@ravivm-N501VW:~/projects/devops/2025-10-19-Prometheus$ kubectl get secret -n kube-prometheus-stack
NAME                                                                             TYPE                 DATA   AGE
alertmanager-kube-prometheus-stack-alertmanager                                  Opaque               1      58m
alertmanager-kube-prometheus-stack-alertmanager-cluster-tls-config               Opaque               1      58m
alertmanager-kube-prometheus-stack-alertmanager-generated                        Opaque               1      58m
alertmanager-kube-prometheus-stack-alertmanager-tls-assets-0                     Opaque               0      58m
alertmanager-kube-prometheus-stack-alertmanager-web-config                       Opaque               1      58m
kube-prometheus-stack-admission                                                  Opaque               3      58m
kube-prometheus-stack-grafana                                                    Opaque               3      58m
prometheus-kube-prometheus-stack-prometheus                                      Opaque               1      58m
prometheus-kube-prometheus-stack-prometheus-thanos-prometheus-http-client-file   Opaque               1      58m
prometheus-kube-prometheus-stack-prometheus-tls-assets-0                         Opaque               1      58m
prometheus-kube-prometheus-stack-prometheus-web-config                           Opaque               1      58m
sh.helm.release.v1.kube-prometheus-stack.v1                                      helm.sh/release.v1   1      58m
ravivm@ravivm-N501VW:~/projects/devops/2025-10-19-Prometheus$ kubectl get secret kube-prometheus-stack-grafana -n kube-prometheus-stack -o yaml 
apiVersion: v1
data:
  admin-password: cHJvbS1vcGVyYXRvcg==
  admin-user: YWRtaW4=
  ldap-toml: ""
kind: Secret
metadata:
  annotations:
    meta.helm.sh/release-name: kube-prometheus-stack
    meta.helm.sh/release-namespace: kube-prometheus-stack
  creationTimestamp: "2025-10-19T17:39:09Z"
  labels:
    app.kubernetes.io/component: admin-secret
    app.kubernetes.io/instance: kube-prometheus-stack
    app.kubernetes.io/managed-by: Helm
    app.kubernetes.io/name: grafana
    app.kubernetes.io/version: 12.2.0
    helm.sh/chart: grafana-10.1.2
  name: kube-prometheus-stack-grafana
  namespace: kube-prometheus-stack
  resourceVersion: "536"
  uid: b6912200-e5fb-4955-8f4d-18bd1e602bbf
type: Opaque
ravivm@ravivm-N501VW:~/projects/devops/2025-10-19-Prometheus$ echo "YWRtaW4=" | base64 -d
admin
adminravivm@ravivm-N501VW:~/projects/devops/2025-10-19-Prometheus$ echo "cHJvbS1vcGVyYXRvcg==" | base64 -d
prom-operator


ravivm@ravivm-N501VW:~/projects/devops/2025-10-19-Prometheus$ kubectl get svc -n kube-prometheus-stack
NAME                                             TYPE        CLUSTER-IP       EXTERNAL-IP   PORT(S)                      AGE
alertmanager-operated                            ClusterIP   None             <none>        9093/TCP,9094/TCP,9094/UDP   61m
kube-prometheus-stack-alertmanager               ClusterIP   10.103.132.244   <none>        9093/TCP,8080/TCP            62m
kube-prometheus-stack-grafana                    ClusterIP   10.101.135.100   <none>        80/TCP                       62m
kube-prometheus-stack-kube-state-metrics         ClusterIP   10.96.27.232     <none>        8080/TCP                     62m
kube-prometheus-stack-operator                   ClusterIP   10.101.192.124   <none>        443/TCP                      62m
kube-prometheus-stack-prometheus                 ClusterIP   10.102.61.144    <none>        9090/TCP,8080/TCP            62m
kube-prometheus-stack-prometheus-node-exporter   ClusterIP   10.106.141.238   <none>        9100/TCP                     62m
prometheus-operated                              ClusterIP   None             <none>        9090/TCP                     61m
ravivm@ravivm-N501VW:~/projects/devops/2025-10-19-Prometheus$ kubectl port-forward -n kube-prometheus-stack svc/kube-prometheus-stack-grafana 80:8080
error: Service kube-prometheus-stack-grafana does not have a service port 8080
ravivm@ravivm-N501VW:~/projects/devops/2025-10-19-Prometheus$ kubectl port-forward -n kube-prometheus-stack svc/kube-prometheus-stack-grafana 8080:80
Forwarding from 127.0.0.1:8080 -> 3000
Forwarding from [::1]:8080 -> 3000


import grafana dashbord :

https://grafana.com/grafana/dashboards/19268-prometheus/

ID
19268

http://localhost:8080/dashboards
import











